Archive member included to satisfy reference by file (symbol)

E:/chuyennganh/vixuly/STM32Cube-IDE/STM32CubeIDE_1.7.0/STM32CubeIDE/plugins/com.st.stm32cube.ide.mcu.externaltools.gnu-tools-for-stm32.12.3.rel1.win32_1.0.200.202406191623/tools/bin/../lib/gcc/arm-none-eabi/12.3.1/../../../../arm-none-eabi/lib/thumb/v7-m/nofp\libc_nano.a(libc_a-exit.o)
                              E:/chuyennganh/vixuly/STM32Cube-IDE/STM32CubeIDE_1.7.0/STM32CubeIDE/plugins/com.st.stm32cube.ide.mcu.externaltools.gnu-tools-for-stm32.12.3.rel1.win32_1.0.200.202406191623/tools/bin/../lib/gcc/arm-none-eabi/12.3.1/../../../../arm-none-eabi/lib/thumb/v7-m/nofp/crt0.o (exit)
E:/chuyennganh/vixuly/STM32Cube-IDE/STM32CubeIDE_1.7.0/STM32CubeIDE/plugins/com.st.stm32cube.ide.mcu.externaltools.gnu-tools-for-stm32.12.3.rel1.win32_1.0.200.202406191623/tools/bin/../lib/gcc/arm-none-eabi/12.3.1/../../../../arm-none-eabi/lib/thumb/v7-m/nofp\libc_nano.a(libc_a-findfp.o)
                              E:/chuyennganh/vixuly/STM32Cube-IDE/STM32CubeIDE_1.7.0/STM32CubeIDE/plugins/com.st.stm32cube.ide.mcu.externaltools.gnu-tools-for-stm32.12.3.rel1.win32_1.0.200.202406191623/tools/bin/../lib/gcc/arm-none-eabi/12.3.1/../../../../arm-none-eabi/lib/thumb/v7-m/nofp\libc_nano.a(libc_a-exit.o) (__stdio_exit_handler)
E:/chuyennganh/vixuly/STM32Cube-IDE/STM32CubeIDE_1.7.0/STM32CubeIDE/plugins/com.st.stm32cube.ide.mcu.externaltools.gnu-tools-for-stm32.12.3.rel1.win32_1.0.200.202406191623/tools/bin/../lib/gcc/arm-none-eabi/12.3.1/../../../../arm-none-eabi/lib/thumb/v7-m/nofp\libc_nano.a(libc_a-fwalk.o)
                              E:/chuyennganh/vixuly/STM32Cube-IDE/STM32CubeIDE_1.7.0/STM32CubeIDE/plugins/com.st.stm32cube.ide.mcu.externaltools.gnu-tools-for-stm32.12.3.rel1.win32_1.0.200.202406191623/tools/bin/../lib/gcc/arm-none-eabi/12.3.1/../../../../arm-none-eabi/lib/thumb/v7-m/nofp\libc_nano.a(libc_a-findfp.o) (_fwalk_sglue)
E:/chuyennganh/vixuly/STM32Cube-IDE/STM32CubeIDE_1.7.0/STM32CubeIDE/plugins/com.st.stm32cube.ide.mcu.externaltools.gnu-tools-for-stm32.12.3.rel1.win32_1.0.200.202406191623/tools/bin/../lib/gcc/arm-none-eabi/12.3.1/../../../../arm-none-eabi/lib/thumb/v7-m/nofp\libc_nano.a(libc_a-stdio.o)
                              E:/chuyennganh/vixuly/STM32Cube-IDE/STM32CubeIDE_1.7.0/STM32CubeIDE/plugins/com.st.stm32cube.ide.mcu.externaltools.gnu-tools-for-stm32.12.3.rel1.win32_1.0.200.202406191623/tools/bin/../lib/gcc/arm-none-eabi/12.3.1/../../../../arm-none-eabi/lib/thumb/v7-m/nofp\libc_nano.a(libc_a-findfp.o) (__sread)
E:/chuyennganh/vixuly/STM32Cube-IDE/STM32CubeIDE_1.7.0/STM32CubeIDE/plugins/com.st.stm32cube.ide.mcu.externaltools.gnu-tools-for-stm32.12.3.rel1.win32_1.0.200.202406191623/tools/bin/../lib/gcc/arm-none-eabi/12.3.1/../../../../arm-none-eabi/lib/thumb/v7-m/nofp\libc_nano.a(libc_a-memset.o)
                              E:/chuyennganh/vixuly/STM32Cube-IDE/STM32CubeIDE_1.7.0/STM32CubeIDE/plugins/com.st.stm32cube.ide.mcu.externaltools.gnu-tools-for-stm32.12.3.rel1.win32_1.0.200.202406191623/tools/bin/../lib/gcc/arm-none-eabi/12.3.1/../../../../arm-none-eabi/lib/thumb/v7-m/nofp/crt0.o (memset)
E:/chuyennganh/vixuly/STM32Cube-IDE/STM32CubeIDE_1.7.0/STM32CubeIDE/plugins/com.st.stm32cube.ide.mcu.externaltools.gnu-tools-for-stm32.12.3.rel1.win32_1.0.200.202406191623/tools/bin/../lib/gcc/arm-none-eabi/12.3.1/../../../../arm-none-eabi/lib/thumb/v7-m/nofp\libc_nano.a(libc_a-closer.o)
                              E:/chuyennganh/vixuly/STM32Cube-IDE/STM32CubeIDE_1.7.0/STM32CubeIDE/plugins/com.st.stm32cube.ide.mcu.externaltools.gnu-tools-for-stm32.12.3.rel1.win32_1.0.200.202406191623/tools/bin/../lib/gcc/arm-none-eabi/12.3.1/../../../../arm-none-eabi/lib/thumb/v7-m/nofp\libc_nano.a(libc_a-stdio.o) (_close_r)
E:/chuyennganh/vixuly/STM32Cube-IDE/STM32CubeIDE_1.7.0/STM32CubeIDE/plugins/com.st.stm32cube.ide.mcu.externaltools.gnu-tools-for-stm32.12.3.rel1.win32_1.0.200.202406191623/tools/bin/../lib/gcc/arm-none-eabi/12.3.1/../../../../arm-none-eabi/lib/thumb/v7-m/nofp\libc_nano.a(libc_a-reent.o)
                              E:/chuyennganh/vixuly/STM32Cube-IDE/STM32CubeIDE_1.7.0/STM32CubeIDE/plugins/com.st.stm32cube.ide.mcu.externaltools.gnu-tools-for-stm32.12.3.rel1.win32_1.0.200.202406191623/tools/bin/../lib/gcc/arm-none-eabi/12.3.1/../../../../arm-none-eabi/lib/thumb/v7-m/nofp\libc_nano.a(libc_a-closer.o) (errno)
E:/chuyennganh/vixuly/STM32Cube-IDE/STM32CubeIDE_1.7.0/STM32CubeIDE/plugins/com.st.stm32cube.ide.mcu.externaltools.gnu-tools-for-stm32.12.3.rel1.win32_1.0.200.202406191623/tools/bin/../lib/gcc/arm-none-eabi/12.3.1/../../../../arm-none-eabi/lib/thumb/v7-m/nofp\libc_nano.a(libc_a-impure.o)
                              E:/chuyennganh/vixuly/STM32Cube-IDE/STM32CubeIDE_1.7.0/STM32CubeIDE/plugins/com.st.stm32cube.ide.mcu.externaltools.gnu-tools-for-stm32.12.3.rel1.win32_1.0.200.202406191623/tools/bin/../lib/gcc/arm-none-eabi/12.3.1/../../../../arm-none-eabi/lib/thumb/v7-m/nofp\libc_nano.a(libc_a-reent.o) (_impure_ptr)
[...]
Memory Configuration

Name             Origin             Length             Attributes
RAM              0x20000000         0x00002800         xrw
FLASH            0x08000000         0x00008000         xr
*default*        0x00000000         0xffffffff

Linker script and memory map

LOAD E:/chuyennganh/vixuly/STM32Cube-IDE/STM32CubeIDE_1.7.0/STM32CubeIDE/plugins/com.st.stm32cube.ide.mcu.externaltools.gnu-tools-for-stm32.12.3.rel1.win32_1.0.200.202406191623/tools/bin/../lib/gcc/arm-none-eabi/12.3.1/thumb/v7-m/nofp/crti.o
LOAD E:/chuyennganh/vixuly/STM32Cube-IDE/STM32CubeIDE_1.7.0/STM32CubeIDE/plugins/com.st.stm32cube.ide.mcu.externaltools.gnu-tools-for-stm32.12.3.rel1.win32_1.0.200.202406191623/tools/bin/../lib/gcc/arm-none-eabi/12.3.1/thumb/v7-m/nofp/crtbegin.o
LOAD E:/chuyennganh/vixuly/STM32Cube-IDE/STM32CubeIDE_1.7.0/STM32CubeIDE/plugins/com.st.stm32cube.ide.mcu.externaltools.gnu-tools-for-stm32.12.3.rel1.win32_1.0.200.202406191623/tools/bin/../lib/gcc/arm-none-eabi/12.3.1/../../../../arm-none-eabi/lib/thumb/v7-m/nofp/crt0.o
LOAD ./Core/Src/button.o
LOAD ./Core/Src/fsm_automatic.o
LOAD ./Core/Src/fsm_manual.o
LOAD ./Core/Src/fsm_setting.o
LOAD ./Core/Src/global.o
LOAD ./Core/Src/led7_segment.o
LOAD ./Core/Src/main.o
LOAD ./Core/Src/software_timer.o
LOAD ./Core/Src/stm32f1xx_hal_msp.o
LOAD ./Core/Src/stm32f1xx_it.o
LOAD ./Core/Src/syscalls.o
LOAD ./Core/Src/sysmem.o
LOAD ./Core/Src/system_stm32f1xx.o
LOAD ./Core/Src/traffic_light.o
LOAD ./Core/Startup/startup_stm32f103c6ux.o
LOAD ./Drivers/STM32F1xx_HAL_Driver/Src/stm32f1xx_hal.o
LOAD ./Drivers/STM32F1xx_HAL_Driver/Src/stm32f1xx_hal_cortex.o
LOAD ./Drivers/STM32F1xx_HAL_Driver/Src/stm32f1xx_hal_dma.o
LOAD ./Drivers/STM32F1xx_HAL_Driver/Src/stm32f1xx_hal_exti.o
LOAD ./Drivers/STM32F1xx_HAL_Driver/Src/stm32f1xx_hal_flash.o
LOAD ./Drivers/STM32F1xx_HAL_Driver/Src/stm32f1xx_hal_flash_ex.o
LOAD ./Drivers/STM32F1xx_HAL_Driver/Src/stm32f1xx_hal_gpio.o
LOAD ./Drivers/STM32F1xx_HAL_Driver/Src/stm32f1xx_hal_gpio_ex.o
LOAD ./Drivers/STM32F1xx_HAL_Driver/Src/stm32f1xx_hal_pwr.o
LOAD ./Drivers/STM32F1xx_HAL_Driver/Src/stm32f1xx_hal_rcc.o
LOAD ./Drivers/STM32F1xx_HAL_Driver/Src/stm32f1xx_hal_rcc_ex.o
LOAD ./Drivers/STM32F1xx_HAL_Driver/Src/stm32f1xx_hal_tim.o
LOAD ./Drivers/STM32F1xx_HAL_Driver/Src/stm32f1xx_hal_tim_ex.o
START GROUP
LOAD E:/chuyennganh/vixuly/STM32Cube-IDE/STM32CubeIDE_1.7.0/STM32CubeIDE/plugins/com.st.stm32cube.ide.mcu.externaltools.gnu-tools-for-stm32.12.3.rel1.win32_1.0.200.202406191623/tools/bin/../lib/gcc/arm-none-eabi/12.3.1/../../../../arm-none-eabi/lib/thumb/v7-m/nofp\libc_nano.a
LOAD E:/chuyennganh/vixuly/STM32Cube-IDE/STM32CubeIDE_1.7.0/STM32CubeIDE/plugins/com.st.stm32cube.ide.mcu.externaltools.gnu-tools-for-stm32.12.3.rel1.win32_1.0.200.202406191623/tools/bin/../lib/gcc/arm-none-eabi/12.3.1/../../../../arm-none-eabi/lib/thumb/v7-m/nofp\libm.a
END GROUP
START GROUP
LOAD E:/chuyennganh/vixuly/STM32Cube-IDE/STM32CubeIDE_1.7.0/STM32CubeIDE/plugins/com.st.stm32cube.ide.mcu.externaltools.gnu-tools-for-stm32.12.3.rel1.win32_1.0.200.202406191623/tools/bin/../lib/gcc/arm-none-eabi/12.3.1/thumb/v7-m/nofp\libgcc.a
LOAD E:/chuyennganh/vixuly/STM32Cube-IDE/STM32CubeIDE_1.7.0/STM32CubeIDE/plugins/com.st.stm32cube.ide.mcu.externaltools.gnu-tools-for-stm32.12.3.rel1.win32_1.0.200.202406191623/tools/bin/../lib/gcc/arm-none-eabi/12.3.1/../../../../arm-none-eabi/lib/thumb/v7-m/nofp\libc_nano.a
END GROUP
START GROUP
LOAD E:/chuyennganh/vixuly/STM32Cube-IDE/STM32CubeIDE_1.7.0/STM32CubeIDE/plugins/com.st.stm32cube.ide.mcu.externaltools.gnu-tools-for-stm32.12.3.rel1.win32_1.0.200.202406191623/tools/bin/../lib/gcc/arm-none-eabi/12.3.1/thumb/v7-m/nofp\libgcc.a
LOAD E:/chuyennganh/vixuly/STM32Cube-IDE/STM32CubeIDE_1.7.0/STM32CubeIDE/plugins/com.st.stm32cube.ide.mcu.externaltools.gnu-tools-for-stm32.12.3.rel1.win32_1.0.200.202406191623/tools/bin/../lib/gcc/arm-none-eabi/12.3.1/../../../../arm-none-eabi/lib/thumb/v7-m/nofp\libc_nano.a
LOAD E:/chuyennganh/vixuly/STM32Cube-IDE/STM32CubeIDE_1.7.0/STM32CubeIDE/plugins/com.st.stm32cube.ide.mcu.externaltools.gnu-tools-for-stm32.12.3.rel1.win32_1.0.200.202406191623/tools/bin/../lib/gcc/arm-none-eabi/12.3.1/../../../../arm-none-eabi/lib/thumb/v7-m/nofp\libnosys.a
END GROUP
START GROUP
LOAD E:/chuyennganh/vixuly/STM32Cube-IDE/STM32CubeIDE_1.7.0/STM32CubeIDE/plugins/com.st.stm32cube.ide.mcu.externaltools.gnu-tools-for-stm32.12.3.rel1.win32_1.0.200.202406191623/tools/bin/../lib/gcc/arm-none-eabi/12.3.1/thumb/v7-m/nofp\libgcc.a
LOAD E:/chuyennganh/vixuly/STM32Cube-IDE/STM32CubeIDE_1.7.0/STM32CubeIDE/plugins/com.st.stm32cube.ide.mcu.externaltools.gnu-tools-for-stm32.12.3.rel1.win32_1.0.200.202406191623/tools/bin/../lib/gcc/arm-none-eabi/12.3.1/../../../../arm-none-eabi/lib/thumb/v7-m/nofp\libc_nano.a
LOAD E:/chuyennganh/vixuly/STM32Cube-IDE/STM32CubeIDE_1.7.0/STM32CubeIDE/plugins/com.st.stm32cube.ide.mcu.externaltools.gnu-tools-for-stm32.12.3.rel1.win32_1.0.200.202406191623/tools/bin/../lib/gcc/arm-none-eabi/12.3.1/../../../../arm-none-eabi/lib/thumb/v7-m/nofp\libnosys.a
END GROUP
LOAD E:/chuyennganh/vixuly/STM32Cube-IDE/STM32CubeIDE_1.7.0/STM32CubeIDE/plugins/com.st.stm32cube.ide.mcu.externaltools.gnu-tools-for-stm32.12.3.rel1.win32_1.0.200.202406191623/tools/bin/../lib/gcc/arm-none-eabi/12.3.1/thumb/v7-m/nofp/crtend.o
LOAD E:/chuyennganh/vixuly/STM32Cube-IDE/STM32CubeIDE_1.7.0/STM32CubeIDE/plugins/com.st.stm32cube.ide.mcu.externaltools.gnu-tools-for-stm32.12.3.rel1.win32_1.0.200.202406191623/tools/bin/../lib/gcc/arm-none-eabi/12.3.1/thumb/v7-m/nofp/crtn.o
                0x20002800                        _estack = (ORIGIN (RAM) + LENGTH (RAM))
                0x00000200                        _Min_Heap_Size = 0x200
                0x00000400                        _Min_Stack_Size = 0x400

.isr_vector     0x08000000      0x10c
                0x08000000                        . = ALIGN (0x4)
 *(.isr_vector)
 .isr_vector    0x08000000      0x10c ./Core/Startup/startup_stm32f103c6ux.o
                0x08000000                g_pfnVectors
                0x0800010c                        . = ALIGN (0x4)

.text           0x0800010c     0x309c
                0x0800010c                        . = ALIGN (0x4)
 *(.text)
 .text          0x0800010c       0x40 E:/chuyennganh/vixuly/STM32Cube-IDE/STM32CubeIDE_1.7.0/STM32CubeIDE/plugins/com.st.stm32cube.ide.mcu.externaltools.gnu-tools-for-stm32.12.3.rel1.win32_1.0.200.202406191623/tools/bin/../lib/gcc/arm-none-eabi/12.3.1/thumb/v7-m/nofp/crtbegin.o
 *(.text*)
 .text.isApplyPressed
                0x0800014c       0x24 ./Core/Src/button.o
                0x0800014c                isApplyPressed
 .text.isModePressed
                0x08000170       0x24 ./Core/Src/button.o
                0x08000170                isModePressed
 .text.isTimeUpPressed
                0x08000194       0x24 ./Core/Src/button.o
                0x08000194                isTimeUpPressed
 .text.isTimeDownPressed
                0x080001b8       0x24 ./Core/Src/button.o
                0x080001b8                isTimeDownPressed
 .text.getKeyInput
                0x080001dc      0x160 ./Core/Src/button.o
                0x080001dc                getKeyInput
 .text.fsm_automatic_run
                0x0800033c      0x744 ./Core/Src/fsm_automatic.o
                0x0800033c                fsm_automatic_run
 .text.fsm_manual
                0x08000a80      0x13c ./Core/Src/fsm_manual.o
                0x08000a80                fsm_manual
 .text.fsm_setting
                0x08000bbc      0x448 ./Core/Src/fsm_setting.o
                0x08000bbc                fsm_setting
 .text.init_segment
                0x08001004       0xe4 ./Core/Src/led7_segment.o
                0x08001004                init_segment
 .text.display7SEG
                0x080010e8      0x1f0 ./Core/Src/led7_segment.o
                0x080010e8                display7SEG
 .text.led7_seg1
                0x080012d8       0x58 ./Core/Src/led7_segment.o
                0x080012d8                led7_seg1
 .text.led7_seg2
                0x08001330       0x58 ./Core/Src/led7_segment.o
                0x08001330                led7_seg2
 .text.main     0x08001388       0x38 ./Core/Src/main.o
                0x08001388                main
 .text.SystemClock_Config
                0x080013c0       0x76 ./Core/Src/main.o
                0x080013c0                SystemClock_Config
 *fill*         0x08001436        0x2 
 .text.MX_TIM2_Init
                0x08001438       0x98 ./Core/Src/main.o
 .text.MX_GPIO_Init
                0x080014d0      0x10c ./Core/Src/main.o
 .text.HAL_TIM_PeriodElapsedCallback
                0x080015dc       0x18 ./Core/Src/main.o
                0x080015dc                HAL_TIM_PeriodElapsedCallback
 .text.Error_Handler
                0x080015f4        0xc ./Core/Src/main.o
                0x080015f4                Error_Handler
 .text.setTimer
                0x08001600       0x40 ./Core/Src/software_timer.o
                0x08001600                setTimer
 .text.timer_run
                0x08001640       0x60 ./Core/Src/software_timer.o
                0x08001640                timer_run
 .text.HAL_MspInit
                0x080016a0       0x64 ./Core/Src/stm32f1xx_hal_msp.o
                0x080016a0                HAL_MspInit
 .text.HAL_TIM_Base_MspInit
                0x08001704       0x48 ./Core/Src/stm32f1xx_hal_msp.o
                0x08001704                HAL_TIM_Base_MspInit
 .text.NMI_Handler
                0x0800174c        0x8 ./Core/Src/stm32f1xx_it.o
                0x0800174c                NMI_Handler
 .text.HardFault_Handler
                0x08001754        0x8 ./Core/Src/stm32f1xx_it.o
                0x08001754                HardFault_Handler
 .text.MemManage_Handler
                0x0800175c        0x8 ./Core/Src/stm32f1xx_it.o
                0x0800175c                MemManage_Handler
 .text.BusFault_Handler
                0x08001764        0x8 ./Core/Src/stm32f1xx_it.o
                0x08001764                BusFault_Handler
 .text.UsageFault_Handler
                0x0800176c        0x8 ./Core/Src/stm32f1xx_it.o
                0x0800176c                UsageFault_Handler
 .text.SVC_Handler
                0x08001774        0xc ./Core/Src/stm32f1xx_it.o
                0x08001774                SVC_Handler
 .text.DebugMon_Handler
                0x08001780        0xc ./Core/Src/stm32f1xx_it.o
                0x08001780                DebugMon_Handler
 .text.PendSV_Handler
                0x0800178c        0xc ./Core/Src/stm32f1xx_it.o
                0x0800178c                PendSV_Handler
 .text.SysTick_Handler
                0x08001798        0xc ./Core/Src/stm32f1xx_it.o
                0x08001798                SysTick_Handler
 .text.TIM2_IRQHandler
                0x080017a4       0x14 ./Core/Src/stm32f1xx_it.o
                0x080017a4                TIM2_IRQHandler
 .text.SystemInit
                0x080017b8        0xc ./Core/Src/system_stm32f1xx.o
                0x080017b8                SystemInit
 .text.INIT_LIGHT
                0x080017c4       0x8c ./Core/Src/traffic_light.o
                0x080017c4                INIT_LIGHT
 .text.LIGHT_RED_GREEN
                0x08001850       0x8c ./Core/Src/traffic_light.o
                0x08001850                LIGHT_RED_GREEN
 .text.LIGHT_RED_YELOW
                0x080018dc       0x8c ./Core/Src/traffic_light.o
                0x080018dc                LIGHT_RED_YELOW
 .text.LIGHT_GREEN_RED
                0x08001968       0x8c ./Core/Src/traffic_light.o
                0x08001968                LIGHT_GREEN_RED
 .text.LIGHT_YELOW_RED
                0x080019f4       0x8c ./Core/Src/traffic_light.o
                0x080019f4                LIGHT_YELOW_RED
 .text.Toggle_red
                0x08001a80       0x30 ./Core/Src/traffic_light.o
                0x08001a80                Toggle_red
 .text.Toggle_yelow
                0x08001ab0       0x30 ./Core/Src/traffic_light.o
                0x08001ab0                Toggle_yelow
 .text.Toggle_green
                0x08001ae0       0x30 ./Core/Src/traffic_light.o
                0x08001ae0                Toggle_green
 .text.Reset_Handler
                0x08001b10       0x48 ./Core/Startup/startup_stm32f103c6ux.o
                0x08001b10                Reset_Handler
 .text.Default_Handler
                0x08001b58        0x2 ./Core/Startup/startup_stm32f103c6ux.o
                0x08001b58                RTC_Alarm_IRQHandler
                0x08001b58                EXTI2_IRQHandler
                0x08001b58                TIM1_CC_IRQHandler
                0x08001b58                PVD_IRQHandler
                0x08001b58                EXTI3_IRQHandler
                0x08001b58                EXTI0_IRQHandler
                0x08001b58                ADC1_2_IRQHandler
                0x08001b58                SPI1_IRQHandler
                0x08001b58                TAMPER_IRQHandler
                0x08001b58                DMA1_Channel4_IRQHandler
                0x08001b58                RTC_IRQHandler
                0x08001b58                DMA1_Channel7_IRQHandler
                0x08001b58                CAN1_RX1_IRQHandler
                0x08001b58                I2C1_EV_IRQHandler
                0x08001b58                DMA1_Channel6_IRQHandler
                0x08001b58                TIM3_IRQHandler
                0x08001b58                RCC_IRQHandler
                0x08001b58                TIM1_TRG_COM_IRQHandler
                0x08001b58                DMA1_Channel1_IRQHandler
                0x08001b58                Default_Handler
                0x08001b58                EXTI15_10_IRQHandler
                0x08001b58                EXTI9_5_IRQHandler
                0x08001b58                DMA1_Channel5_IRQHandler
                0x08001b58                EXTI4_IRQHandler
                0x08001b58                USB_LP_CAN1_RX0_IRQHandler
                0x08001b58                USB_HP_CAN1_TX_IRQHandler
                0x08001b58                DMA1_Channel3_IRQHandler
                0x08001b58                TIM1_UP_IRQHandler
                0x08001b58                WWDG_IRQHandler
                0x08001b58                TIM1_BRK_IRQHandler
                0x08001b58                EXTI1_IRQHandler
                0x08001b58                USART2_IRQHandler
                0x08001b58                DMA1_Channel2_IRQHandler
                0x08001b58                CAN1_SCE_IRQHandler
                0x08001b58                FLASH_IRQHandler
                0x08001b58                USART1_IRQHandler
                0x08001b58                I2C1_ER_IRQHandler
                0x08001b58                USBWakeUp_IRQHandler
 *fill*         0x08001b5a        0x2 
 .text.HAL_Init
                0x08001b5c       0x2c ./Drivers/STM32F1xx_HAL_Driver/Src/stm32f1xx_hal.o
                0x08001b5c                HAL_Init
 .text.HAL_InitTick
                0x08001b88       0x60 ./Drivers/STM32F1xx_HAL_Driver/Src/stm32f1xx_hal.o
                0x08001b88                HAL_InitTick
 .text.HAL_IncTick
                0x08001be8       0x24 ./Drivers/STM32F1xx_HAL_Driver/Src/stm32f1xx_hal.o
                0x08001be8                HAL_IncTick
 .text.HAL_GetTick
                0x08001c0c       0x14 ./Drivers/STM32F1xx_HAL_Driver/Src/stm32f1xx_hal.o
                0x08001c0c                HAL_GetTick
 .text.__NVIC_SetPriorityGrouping
                0x08001c20       0x48 ./Drivers/STM32F1xx_HAL_Driver/Src/stm32f1xx_hal_cortex.o
 .text.__NVIC_GetPriorityGrouping
                0x08001c68       0x1c ./Drivers/STM32F1xx_HAL_Driver/Src/stm32f1xx_hal_cortex.o
 .text.__NVIC_EnableIRQ
                0x08001c84       0x38 ./Drivers/STM32F1xx_HAL_Driver/Src/stm32f1xx_hal_cortex.o
 .text.__NVIC_SetPriority
                0x08001cbc       0x54 ./Drivers/STM32F1xx_HAL_Driver/Src/stm32f1xx_hal_cortex.o
 .text.NVIC_EncodePriority
                0x08001d10       0x64 ./Drivers/STM32F1xx_HAL_Driver/Src/stm32f1xx_hal_cortex.o
 .text.SysTick_Config
                0x08001d74       0x44 ./Drivers/STM32F1xx_HAL_Driver/Src/stm32f1xx_hal_cortex.o
 .text.HAL_NVIC_SetPriorityGrouping
                0x08001db8       0x16 ./Drivers/STM32F1xx_HAL_Driver/Src/stm32f1xx_hal_cortex.o
                0x08001db8                HAL_NVIC_SetPriorityGrouping
 .text.HAL_NVIC_SetPriority
                0x08001dce       0x38 ./Drivers/STM32F1xx_HAL_Driver/Src/stm32f1xx_hal_cortex.o
                0x08001dce                HAL_NVIC_SetPriority
 .text.HAL_NVIC_EnableIRQ
                0x08001e06       0x1c ./Drivers/STM32F1xx_HAL_Driver/Src/stm32f1xx_hal_cortex.o
                0x08001e06                HAL_NVIC_EnableIRQ
 .text.HAL_SYSTICK_Config
                0x08001e22       0x18 ./Drivers/STM32F1xx_HAL_Driver/Src/stm32f1xx_hal_cortex.o
                0x08001e22                HAL_SYSTICK_Config
 *fill*         0x08001e3a        0x2 
 .text.HAL_GPIO_Init
                0x08001e3c      0x2f8 ./Drivers/STM32F1xx_HAL_Driver/Src/stm32f1xx_hal_gpio.o
                0x08001e3c                HAL_GPIO_Init
 .text.HAL_GPIO_ReadPin
                0x08002134       0x2e ./Drivers/STM32F1xx_HAL_Driver/Src/stm32f1xx_hal_gpio.o
                0x08002134                HAL_GPIO_ReadPin
 .text.HAL_GPIO_WritePin
                0x08002162       0x30 ./Drivers/STM32F1xx_HAL_Driver/Src/stm32f1xx_hal_gpio.o
                0x08002162                HAL_GPIO_WritePin
 .text.HAL_GPIO_TogglePin
                0x08002192       0x32 ./Drivers/STM32F1xx_HAL_Driver/Src/stm32f1xx_hal_gpio.o
                0x08002192                HAL_GPIO_TogglePin
 .text.HAL_RCC_OscConfig
                0x080021c4      0x504 ./Drivers/STM32F1xx_HAL_Driver/Src/stm32f1xx_hal_rcc.o
                0x080021c4                HAL_RCC_OscConfig
 .text.HAL_RCC_ClockConfig
                0x080026c8      0x1d4 ./Drivers/STM32F1xx_HAL_Driver/Src/stm32f1xx_hal_rcc.o
                0x080026c8                HAL_RCC_ClockConfig
 .text.HAL_RCC_GetSysClockFreq
                0x0800289c       0xa8 ./Drivers/STM32F1xx_HAL_Driver/Src/stm32f1xx_hal_rcc.o
                0x0800289c                HAL_RCC_GetSysClockFreq
 .text.RCC_Delay
                0x08002944       0x3c ./Drivers/STM32F1xx_HAL_Driver/Src/stm32f1xx_hal_rcc.o
 .text.HAL_TIM_Base_Init
                0x08002980       0x9e ./Drivers/STM32F1xx_HAL_Driver/Src/stm32f1xx_hal_tim.o
                0x08002980                HAL_TIM_Base_Init
 *fill*         0x08002a1e        0x2 
 .text.HAL_TIM_Base_Start_IT
                0x08002a20       0x98 ./Drivers/STM32F1xx_HAL_Driver/Src/stm32f1xx_hal_tim.o
                0x08002a20                HAL_TIM_Base_Start_IT
 .text.HAL_TIM_IRQHandler
                0x08002ab8      0x1e0 ./Drivers/STM32F1xx_HAL_Driver/Src/stm32f1xx_hal_tim.o
                0x08002ab8                HAL_TIM_IRQHandler
 .text.HAL_TIM_ConfigClockSource
                0x08002c98      0x18e ./Drivers/STM32F1xx_HAL_Driver/Src/stm32f1xx_hal_tim.o
                0x08002c98                HAL_TIM_ConfigClockSource
 .text.HAL_TIM_OC_DelayElapsedCallback
                0x08002e26       0x12 ./Drivers/STM32F1xx_HAL_Driver/Src/stm32f1xx_hal_tim.o
                0x08002e26                HAL_TIM_OC_DelayElapsedCallback
 .text.HAL_TIM_IC_CaptureCallback
                0x08002e38       0x12 ./Drivers/STM32F1xx_HAL_Driver/Src/stm32f1xx_hal_tim.o
                0x08002e38                HAL_TIM_IC_CaptureCallback
 .text.HAL_TIM_PWM_PulseFinishedCallback
                0x08002e4a       0x12 ./Drivers/STM32F1xx_HAL_Driver/Src/stm32f1xx_hal_tim.o
                0x08002e4a                HAL_TIM_PWM_PulseFinishedCallback
 .text.HAL_TIM_TriggerCallback
                0x08002e5c       0x12 ./Drivers/STM32F1xx_HAL_Driver/Src/stm32f1xx_hal_tim.o
                0x08002e5c                HAL_TIM_TriggerCallback
 *fill*         0x08002e6e        0x2 
 .text.TIM_Base_SetConfig
                0x08002e70       0xc8 ./Drivers/STM32F1xx_HAL_Driver/Src/stm32f1xx_hal_tim.o
                0x08002e70                TIM_Base_SetConfig
 .text.TIM_TI1_ConfigInputStage
                0x08002f38       0x5c ./Drivers/STM32F1xx_HAL_Driver/Src/stm32f1xx_hal_tim.o
 .text.TIM_TI2_ConfigInputStage
                0x08002f94       0x5e ./Drivers/STM32F1xx_HAL_Driver/Src/stm32f1xx_hal_tim.o
 .text.TIM_ITRx_SetConfig
                0x08002ff2       0x34 ./Drivers/STM32F1xx_HAL_Driver/Src/stm32f1xx_hal_tim.o
 .text.TIM_ETR_SetConfig
                0x08003026       0x3e ./Drivers/STM32F1xx_HAL_Driver/Src/stm32f1xx_hal_tim.o
                0x08003026                TIM_ETR_SetConfig
 .text.HAL_TIMEx_MasterConfigSynchronization
                0x08003064       0xb0 ./Drivers/STM32F1xx_HAL_Driver/Src/stm32f1xx_hal_tim_ex.o
                0x08003064                HAL_TIMEx_MasterConfigSynchronization
 .text.HAL_TIMEx_CommutCallback
                0x08003114       0x12 ./Drivers/STM32F1xx_HAL_Driver/Src/stm32f1xx_hal_tim_ex.o
                0x08003114                HAL_TIMEx_CommutCallback
 .text.HAL_TIMEx_BreakCallback
                0x08003126       0x12 ./Drivers/STM32F1xx_HAL_Driver/Src/stm32f1xx_hal_tim_ex.o
                0x08003126                HAL_TIMEx_BreakCallback
 .text.memset   0x08003138       0x10 E:/chuyennganh/vixuly/STM32Cube-IDE/STM32CubeIDE_1.7.0/STM32CubeIDE/plugins/com.st.stm32cube.ide.mcu.externaltools.gnu-tools-for-stm32.12.3.rel1.win32_1.0.200.202406191623/tools/bin/../lib/gcc/arm-none-eabi/12.3.1/../../../../arm-none-eabi/lib/thumb/v7-m/nofp\libc_nano.a(libc_a-memset.o)
                0x08003138                memset
 .text.__libc_init_array
                0x08003148       0x48 E:/chuyennganh/vixuly/STM32Cube-IDE/STM32CubeIDE_1.7.0/STM32CubeIDE/plugins/com.st.stm32cube.ide.mcu.externaltools.gnu-tools-for-stm32.12.3.rel1.win32_1.0.200.202406191623/tools/bin/../lib/gcc/arm-none-eabi/12.3.1/../../../../arm-none-eabi/lib/thumb/v7-m/nofp\libc_nano.a(libc_a-init.o)
                0x08003148                __libc_init_array
 *(.glue_7)
 .glue_7        0x08003190        0x0 linker stubs
 *(.glue_7t)
 .glue_7t       0x08003190        0x0 linker stubs
 *(.eh_frame)
 .eh_frame      0x08003190        0x0 E:/chuyennganh/vixuly/STM32Cube-IDE/STM32CubeIDE_1.7.0/STM32CubeIDE/plugins/com.st.stm32cube.ide.mcu.externaltools.gnu-tools-for-stm32.12.3.rel1.win32_1.0.200.202406191623/tools/bin/../lib/gcc/arm-none-eabi/12.3.1/thumb/v7-m/nofp/crtbegin.o
 *(.init)
 .init          0x08003190        0x4 E:/chuyennganh/vixuly/STM32Cube-IDE/STM32CubeIDE_1.7.0/STM32CubeIDE/plugins/com.st.stm32cube.ide.mcu.externaltools.gnu-tools-for-stm32.12.3.rel1.win32_1.0.200.202406191623/tools/bin/../lib/gcc/arm-none-eabi/12.3.1/thumb/v7-m/nofp/crti.o
                0x08003190                _init
 .init          0x08003194        0x8 E:/chuyennganh/vixuly/STM32Cube-IDE/STM32CubeIDE_1.7.0/STM32CubeIDE/plugins/com.st.stm32cube.ide.mcu.externaltools.gnu-tools-for-stm32.12.3.rel1.win32_1.0.200.202406191623/tools/bin/../lib/gcc/arm-none-eabi/12.3.1/thumb/v7-m/nofp/crtn.o
 *(.fini)
 .fini          0x0800319c        0x4 E:/chuyennganh/vixuly/STM32Cube-IDE/STM32CubeIDE_1.7.0/STM32CubeIDE/plugins/com.st.stm32cube.ide.mcu.externaltools.gnu-tools-for-stm32.12.3.rel1.win32_1.0.200.202406191623/tools/bin/../lib/gcc/arm-none-eabi/12.3.1/thumb/v7-m/nofp/crti.o
                0x0800319c                _fini
 .fini          0x080031a0        0x8 E:/chuyennganh/vixuly/STM32Cube-IDE/STM32CubeIDE_1.7.0/STM32CubeIDE/plugins/com.st.stm32cube.ide.mcu.externaltools.gnu-tools-for-stm32.12.3.rel1.win32_1.0.200.202406191623/tools/bin/../lib/gcc/arm-none-eabi/12.3.1/thumb/v7-m/nofp/crtn.o
                0x080031a8                        . = ALIGN (0x4)
                0x080031a8                        _etext = .

.vfp11_veneer   0x080031a8        0x0
 .vfp11_veneer  0x080031a8        0x0 linker stubs

.v4_bx          0x080031a8        0x0
 .v4_bx         0x080031a8        0x0 linker stubs

.iplt           0x080031a8        0x0
 .iplt          0x080031a8        0x0 E:/chuyennganh/vixuly/STM32Cube-IDE/STM32CubeIDE_1.7.0/STM32CubeIDE/plugins/com.st.stm32cube.ide.mcu.externaltools.gnu-tools-for-stm32.12.3.rel1.win32_1.0.200.202406191623/tools/bin/../lib/gcc/arm-none-eabi/12.3.1/thumb/v7-m/nofp/crtbegin.o

.rodata         0x080031a8       0x30
                0x080031a8                        . = ALIGN (0x4)
 *(.rodata)
 .rodata        0x080031a8        0xa ./Core/Src/led7_segment.o
 *(.rodata*)
 *fill*         0x080031b2        0x2 
 .rodata.AHBPrescTable
                0x080031b4       0x10 ./Core/Src/system_stm32f1xx.o
                0x080031b4                AHBPrescTable
 .rodata.aPLLMULFactorTable.1
                0x080031c4       0x10 ./Drivers/STM32F1xx_HAL_Driver/Src/stm32f1xx_hal_rcc.o
 .rodata.aPredivFactorTable.0
                0x080031d4        0x2 ./Drivers/STM32F1xx_HAL_Driver/Src/stm32f1xx_hal_rcc.o
                0x080031d8                        . = ALIGN (0x4)
 *fill*         0x080031d6        0x2 

.ARM.extab      0x080031d8        0x0
                0x080031d8                        . = ALIGN (0x4)
 *(.ARM.extab* .gnu.linkonce.armextab.*)
                0x080031d8                        . = ALIGN (0x4)

.ARM            0x080031d8        0x0
                0x080031d8                        . = ALIGN (0x4)
                0x080031d8                        __exidx_start = .
 *(.ARM.exidx*)
                0x080031d8                        __exidx_end = .
                0x080031d8                        . = ALIGN (0x4)

.preinit_array  0x080031d8        0x0
                0x080031d8                        . = ALIGN (0x4)
                0x080031d8                        PROVIDE (__preinit_array_start = .)
 *(.preinit_array*)
                0x080031d8                        PROVIDE (__preinit_array_end = .)
                0x080031d8                        . = ALIGN (0x4)

.init_array     0x080031d8        0x4
                0x080031d8                        . = ALIGN (0x4)
                0x080031d8                        PROVIDE (__init_array_start = .)
 *(SORT_BY_NAME(.init_array.*))
 *(.init_array*)
 .init_array    0x080031d8        0x4 E:/chuyennganh/vixuly/STM32Cube-IDE/STM32CubeIDE_1.7.0/STM32CubeIDE/plugins/com.st.stm32cube.ide.mcu.externaltools.gnu-tools-for-stm32.12.3.rel1.win32_1.0.200.202406191623/tools/bin/../lib/gcc/arm-none-eabi/12.3.1/thumb/v7-m/nofp/crtbegin.o
                0x080031dc                        PROVIDE (__init_array_end = .)
                0x080031dc                        . = ALIGN (0x4)

.fini_array     0x080031dc        0x4
                0x080031dc                        . = ALIGN (0x4)
                [!provide]                        PROVIDE (__fini_array_start = .)
 *(SORT_BY_NAME(.fini_array.*))
 *(.fini_array*)
 .fini_array    0x080031dc        0x4 E:/chuyennganh/vixuly/STM32Cube-IDE/STM32CubeIDE_1.7.0/STM32CubeIDE/plugins/com.st.stm32cube.ide.mcu.externaltools.gnu-tools-for-stm32.12.3.rel1.win32_1.0.200.202406191623/tools/bin/../lib/gcc/arm-none-eabi/12.3.1/thumb/v7-m/nofp/crtbegin.o
                [!provide]                        PROVIDE (__fini_array_end = .)
                0x080031e0                        . = ALIGN (0x4)
                0x080031e0                        _sidata = LOADADDR (.data)

.rel.dyn        0x080031e0        0x0
 .rel.iplt      0x080031e0        0x0 E:/chuyennganh/vixuly/STM32Cube-IDE/STM32CubeIDE_1.7.0/STM32CubeIDE/plugins/com.st.stm32cube.ide.mcu.externaltools.gnu-tools-for-stm32.12.3.rel1.win32_1.0.200.202406191623/tools/bin/../lib/gcc/arm-none-eabi/12.3.1/thumb/v7-m/nofp/crtbegin.o

.data           0x20000000       0x78 load address 0x080031e0
                0x20000000                        . = ALIGN (0x4)
                0x20000000                        _sdata = .
 *(.data)
 *(.data*)
 .data.KeyReg0  0x20000000       0x10 ./Core/Src/button.o
                0x20000000                KeyReg0
 .data.KeyReg1  0x20000010       0x10 ./Core/Src/button.o
                0x20000010                KeyReg1
 .data.KeyReg2  0x20000020       0x10 ./Core/Src/button.o
                0x20000020                KeyReg2
 .data.KeyReg3  0x20000030       0x10 ./Core/Src/button.o
                0x20000030                KeyReg3
 .data.TimeOutForKeyPress
                0x20000040       0x10 ./Core/Src/button.o
                0x20000040                TimeOutForKeyPress
 .data.led      0x20000050        0x4 ./Core/Src/fsm_automatic.o
                0x20000050                led
 .data.leds     0x20000054        0x4 ./Core/Src/fsm_setting.o
                0x20000054                leds
 .data.status   0x20000058        0x4 ./Core/Src/global.o
                0x20000058                status
 .data.red      0x2000005c        0x4 ./Core/Src/global.o
                0x2000005c                red
 .data.yelow    0x20000060        0x4 ./Core/Src/global.o
                0x20000060                yelow
 .data.green    0x20000064        0x4 ./Core/Src/global.o
                0x20000064                green
 .data.current_status
                0x20000068        0x4 ./Core/Src/global.o
                0x20000068                current_status
 .data.SystemCoreClock
                0x2000006c        0x4 ./Core/Src/system_stm32f1xx.o
                0x2000006c                SystemCoreClock
 .data.uwTickPrio
                0x20000070        0x4 ./Drivers/STM32F1xx_HAL_Driver/Src/stm32f1xx_hal.o
                0x20000070                uwTickPrio
 .data.uwTickFreq
                0x20000074        0x1 ./Drivers/STM32F1xx_HAL_Driver/Src/stm32f1xx_hal.o
                0x20000074                uwTickFreq
 *(.RamFunc)
 *(.RamFunc*)
                0x20000078                        . = ALIGN (0x4)
 *fill*         0x20000075        0x3 
                0x20000078                        _edata = .

.igot.plt       0x20000078        0x0 load address 0x08003258
 .igot.plt      0x20000078        0x0 E:/chuyennganh/vixuly/STM32Cube-IDE/STM32CubeIDE_1.7.0/STM32CubeIDE/plugins/com.st.stm32cube.ide.mcu.externaltools.gnu-tools-for-stm32.12.3.rel1.win32_1.0.200.202406191623/tools/bin/../lib/gcc/arm-none-eabi/12.3.1/thumb/v7-m/nofp/crtbegin.o
                0x20000078                        . = ALIGN (0x4)

.bss            0x20000078      0x100 load address 0x08003258
                0x20000078                        _sbss = .
                0x20000078                        __bss_start__ = _sbss
 *(.bss)
 .bss           0x20000078       0x1c E:/chuyennganh/vixuly/STM32Cube-IDE/STM32CubeIDE_1.7.0/STM32CubeIDE/plugins/com.st.stm32cube.ide.mcu.externaltools.gnu-tools-for-stm32.12.3.rel1.win32_1.0.200.202406191623/tools/bin/../lib/gcc/arm-none-eabi/12.3.1/thumb/v7-m/nofp/crtbegin.o
 *(.bss*)
 .bss.button1_long_pressed
                0x20000094        0x4 ./Core/Src/button.o
                0x20000094                button1_long_pressed
 .bss.button_flag
                0x20000098       0x10 ./Core/Src/button.o
                0x20000098                button_flag
 .bss.time      0x200000a8        0x4 ./Core/Src/fsm_automatic.o
                0x200000a8                time
 .bss.time2     0x200000ac        0x4 ./Core/Src/fsm_automatic.o
                0x200000ac                time2
 .bss.timea     0x200000b0        0x4 ./Core/Src/fsm_automatic.o
                0x200000b0                timea
 .bss.timeb     0x200000b4        0x4 ./Core/Src/fsm_automatic.o
                0x200000b4                timeb
 .bss.time2a    0x200000b8        0x4 ./Core/Src/fsm_automatic.o
                0x200000b8                time2a
 .bss.time2b    0x200000bc        0x4 ./Core/Src/fsm_automatic.o
                0x200000bc                time2b
 .bss.count     0x200000c0        0x4 ./Core/Src/fsm_setting.o
                0x200000c0                count
 .bss.counta    0x200000c4        0x4 ./Core/Src/fsm_setting.o
                0x200000c4                counta
 .bss.countb    0x200000c8        0x4 ./Core/Src/fsm_setting.o
                0x200000c8                countb
 .bss.red_term  0x200000cc        0x4 ./Core/Src/fsm_setting.o
                0x200000cc                red_term
 .bss.green_term
                0x200000d0        0x4 ./Core/Src/fsm_setting.o
                0x200000d0                green_term
 .bss.yelow_term
                0x200000d4        0x4 ./Core/Src/fsm_setting.o
                0x200000d4                yelow_term
 .bss.current_time
                0x200000d8        0x4 ./Core/Src/global.o
                0x200000d8                current_time
 .bss.htim2     0x200000dc       0x48 ./Core/Src/main.o
                0x200000dc                htim2
 .bss.timer_flag
                0x20000124       0x28 ./Core/Src/software_timer.o
                0x20000124                timer_flag
 .bss.timer_counter
                0x2000014c       0x28 ./Core/Src/software_timer.o
                0x2000014c                timer_counter
 .bss.uwTick    0x20000174        0x4 ./Drivers/STM32F1xx_HAL_Driver/Src/stm32f1xx_hal.o
                0x20000174                uwTick
 *(COMMON)
                0x20000178                        . = ALIGN (0x4)
                0x20000178                        _ebss = .
                0x20000178                        __bss_end__ = _ebss

._user_heap_stack
                0x20000178      0x600 load address 0x08003258
                0x20000178                        . = ALIGN (0x8)
                [!provide]                        PROVIDE (end = .)
                0x20000178                        PROVIDE (_end = .)
                0x20000378                        . = (. + _Min_Heap_Size)
 *fill*         0x20000178      0x200 
                0x20000778                        . = (. + _Min_Stack_Size)
 *fill*         0x20000378      0x400 
                0x20000778                        . = ALIGN (0x8)

/DISCARD/
 libc.a(*)
 libm.a(*)
 libgcc.a(*)

.ARM.attributes
                0x00000000       0x29
 *(.ARM.attributes)
 .ARM.attributes
                0x00000000       0x1d E:/chuyennganh/vixuly/STM32Cube-IDE/STM32CubeIDE_1.7.0/STM32CubeIDE/plugins/com.st.stm32cube.ide.mcu.externaltools.gnu-tools-for-stm32.12.3.rel1.win32_1.0.200.202406191623/tools/bin/../lib/gcc/arm-none-eabi/12.3.1/thumb/v7-m/nofp/crti.o
 .ARM.attributes
                0x0000001d       0x2d E:/chuyennganh/vixuly/STM32Cube-IDE/STM32CubeIDE_1.7.0/STM32CubeIDE/plugins/com.st.stm32cube.ide.mcu.externaltools.gnu-tools-for-stm32.12.3.rel1.win32_1.0.200.202406191623/tools/bin/../lib/gcc/arm-none-eabi/12.3.1/thumb/v7-m/nofp/crtbegin.o
 .ARM.attributes
                0x0000004a       0x2d ./Core/Src/button.o
 .ARM.attributes
                0x00000077       0x2d ./Core/Src/fsm_automatic.o
 .ARM.attributes
                0x000000a4       0x2d ./Core/Src/fsm_manual.o
 .ARM.attributes
                0x000000d1       0x2d ./Core/Src/fsm_setting.o
 .ARM.attributes
                0x000000fe       0x2d ./Core/Src/global.o
 .ARM.attributes
                0x0000012b       0x2d ./Core/Src/led7_segment.o
 .ARM.attributes
                0x00000158       0x2d ./Core/Src/main.o
 .ARM.attributes
                0x00000185       0x2d ./Core/Src/software_timer.o
 .ARM.attributes
                0x000001b2       0x2d ./Core/Src/stm32f1xx_hal_msp.o
 .ARM.attributes
                0x000001df       0x2d ./Core/Src/stm32f1xx_it.o
 .ARM.attributes
                0x0000020c       0x2d ./Core/Src/system_stm32f1xx.o
 .ARM.attributes
                0x00000239       0x2d ./Core/Src/traffic_light.o
 .ARM.attributes
                0x00000266       0x21 ./Core/Startup/startup_stm32f103c6ux.o
 .ARM.attributes
                0x00000287       0x2d ./Drivers/STM32F1xx_HAL_Driver/Src/stm32f1xx_hal.o
 .ARM.attributes
                0x000002b4       0x2d ./Drivers/STM32F1xx_HAL_Driver/Src/stm32f1xx_hal_cortex.o
 .ARM.attributes
                0x000002e1       0x2d ./Drivers/STM32F1xx_HAL_Driver/Src/stm32f1xx_hal_gpio.o
 .ARM.attributes
                0x0000030e       0x2d ./Drivers/STM32F1xx_HAL_Driver/Src/stm32f1xx_hal_rcc.o
 .ARM.attributes
                0x0000033b       0x2d ./Drivers/STM32F1xx_HAL_Driver/Src/stm32f1xx_hal_tim.o
 .ARM.attributes
                0x00000368       0x2d ./Drivers/STM32F1xx_HAL_Driver/Src/stm32f1xx_hal_tim_ex.o
 .ARM.attributes
                0x00000395       0x2d E:/chuyennganh/vixuly/STM32Cube-IDE/STM32CubeIDE_1.7.0/STM32CubeIDE/plugins/com.st.stm32cube.ide.mcu.externaltools.gnu-tools-for-stm32.12.3.rel1.win32_1.0.200.202406191623/tools/bin/../lib/gcc/arm-none-eabi/12.3.1/../../../../arm-none-eabi/lib/thumb/v7-m/nofp\libc_nano.a(libc_a-memset.o)
 .ARM.attributes
                0x000003c2       0x2d E:/chuyennganh/vixuly/STM32Cube-IDE/STM32CubeIDE_1.7.0/STM32CubeIDE/plugins/com.st.stm32cube.ide.mcu.externaltools.gnu-tools-for-stm32.12.3.rel1.win32_1.0.200.202406191623/tools/bin/../lib/gcc/arm-none-eabi/12.3.1/../../../../arm-none-eabi/lib/thumb/v7-m/nofp\libc_nano.a(libc_a-init.o)
 .ARM.attributes
                0x000003ef       0x1d E:/chuyennganh/vixuly/STM32Cube-IDE/STM32CubeIDE_1.7.0/STM32CubeIDE/plugins/com.st.stm32cube.ide.mcu.externaltools.gnu-tools-for-stm32.12.3.rel1.win32_1.0.200.202406191623/tools/bin/../lib/gcc/arm-none-eabi/12.3.1/thumb/v7-m/nofp/crtn.o
OUTPUT(LAB3_VXL.elf elf32-littlearm)
LOAD linker stubs
LOAD E:/chuyennganh/vixuly/STM32Cube-IDE/STM32CubeIDE_1.7.0/STM32CubeIDE/plugins/com.st.stm32cube.ide.mcu.externaltools.gnu-tools-for-stm32.12.3.rel1.win32_1.0.200.202406191623/tools/bin/../lib/gcc/arm-none-eabi/12.3.1/../../../../arm-none-eabi/lib/thumb/v7-m/nofp\libc.a
LOAD E:/chuyennganh/vixuly/STM32Cube-IDE/STM32CubeIDE_1.7.0/STM32CubeIDE/plugins/com.st.stm32cube.ide.mcu.externaltools.gnu-tools-for-stm32.12.3.rel1.win32_1.0.200.202406191623/tools/bin/../lib/gcc/arm-none-eabi/12.3.1/../../../../arm-none-eabi/lib/thumb/v7-m/nofp\libm.a
LOAD E:/chuyennganh/vixuly/STM32Cube-IDE/STM32CubeIDE_1.7.0/STM32CubeIDE/plugins/com.st.stm32cube.ide.mcu.externaltools.gnu-tools-for-stm32.12.3.rel1.win32_1.0.200.202406191623/tools/bin/../lib/gcc/arm-none-eabi/12.3.1/thumb/v7-m/nofp\libgcc.a

.debug_info     0x00000000     0x8922
 .debug_info    0x00000000      0x2cf ./Core/Src/button.o
 .debug_info    0x000002cf      0x210 ./Core/Src/fsm_automatic.o
 .debug_info    0x000004df      0x186 ./Core/Src/fsm_manual.o
 .debug_info    0x00000665      0x20c ./Core/Src/fsm_setting.o
 .debug_info    0x00000871       0xf6 ./Core/Src/global.o
 .debug_info    0x00000967      0x265 ./Core/Src/led7_segment.o
 .debug_info    0x00000bcc      0xbc1 ./Core/Src/main.o
 .debug_info    0x0000178d       0xd0 ./Core/Src/software_timer.o
 .debug_info    0x0000185d      0x91a ./Core/Src/stm32f1xx_hal_msp.o
 .debug_info    0x00002177      0x6a1 ./Core/Src/stm32f1xx_it.o
 .debug_info    0x00002818      0x222 ./Core/Src/system_stm32f1xx.o
 .debug_info    0x00002a3a      0x1f5 ./Core/Src/traffic_light.o
 .debug_info    0x00002c2f       0x30 ./Core/Startup/startup_stm32f103c6ux.o
 .debug_info    0x00002c5f      0x6e6 ./Drivers/STM32F1xx_HAL_Driver/Src/stm32f1xx_hal.o
 .debug_info    0x00003345      0xa69 ./Drivers/STM32F1xx_HAL_Driver/Src/stm32f1xx_hal_cortex.o
 .debug_info    0x00003dae      0x5ab ./Drivers/STM32F1xx_HAL_Driver/Src/stm32f1xx_hal_gpio.o
 .debug_info    0x00004359      0x7d5 ./Drivers/STM32F1xx_HAL_Driver/Src/stm32f1xx_hal_rcc.o
 .debug_info    0x00004b2e     0x2959 ./Drivers/STM32F1xx_HAL_Driver/Src/stm32f1xx_hal_tim.o
 .debug_info    0x00007487     0x149b ./Drivers/STM32F1xx_HAL_Driver/Src/stm32f1xx_hal_tim_ex.o

.debug_abbrev   0x00000000     0x1d41
 .debug_abbrev  0x00000000      0x180 ./Core/Src/button.o
 .debug_abbrev  0x00000180       0xf0 ./Core/Src/fsm_automatic.o
 .debug_abbrev  0x00000270       0xb9 ./Core/Src/fsm_manual.o
 .debug_abbrev  0x00000329       0xdd ./Core/Src/fsm_setting.o
 .debug_abbrev  0x00000406       0x61 ./Core/Src/global.o
 .debug_abbrev  0x00000467      0x165 ./Core/Src/led7_segment.o
 .debug_abbrev  0x000005cc      0x2b1 ./Core/Src/main.o
 .debug_abbrev  0x0000087d       0xd2 ./Core/Src/software_timer.o
 .debug_abbrev  0x0000094f      0x1ad ./Core/Src/stm32f1xx_hal_msp.o
 .debug_abbrev  0x00000afc      0x191 ./Core/Src/stm32f1xx_it.o
 .debug_abbrev  0x00000c8d      0x13f ./Core/Src/system_stm32f1xx.o
 .debug_abbrev  0x00000dcc       0xe2 ./Core/Src/traffic_light.o
 .debug_abbrev  0x00000eae       0x24 ./Core/Startup/startup_stm32f103c6ux.o
 .debug_abbrev  0x00000ed2      0x201 ./Drivers/STM32F1xx_HAL_Driver/Src/stm32f1xx_hal.o
 .debug_abbrev  0x000010d3      0x2f8 ./Drivers/STM32F1xx_HAL_Driver/Src/stm32f1xx_hal_cortex.o
 .debug_abbrev  0x000013cb      0x1ca ./Drivers/STM32F1xx_HAL_Driver/Src/stm32f1xx_hal_gpio.o
 .debug_abbrev  0x00001595      0x2b3 ./Drivers/STM32F1xx_HAL_Driver/Src/stm32f1xx_hal_rcc.o
 .debug_abbrev  0x00001848      0x277 ./Drivers/STM32F1xx_HAL_Driver/Src/stm32f1xx_hal_tim.o
 .debug_abbrev  0x00001abf      0x282 ./Drivers/STM32F1xx_HAL_Driver/Src/stm32f1xx_hal_tim_ex.o

.debug_aranges  0x00000000      0xab8
 .debug_aranges
                0x00000000       0x50 ./Core/Src/button.o
 .debug_aranges
                0x00000050       0x20 ./Core/Src/fsm_automatic.o
 .debug_aranges
                0x00000070       0x20 ./Core/Src/fsm_manual.o
 .debug_aranges
                0x00000090       0x20 ./Core/Src/fsm_setting.o
 .debug_aranges
                0x000000b0       0x18 ./Core/Src/global.o
 .debug_aranges
                0x000000c8       0x40 ./Core/Src/led7_segment.o
 .debug_aranges
                0x00000108       0x48 ./Core/Src/main.o
 .debug_aranges
                0x00000150       0x28 ./Core/Src/software_timer.o
 .debug_aranges
                0x00000178       0x30 ./Core/Src/stm32f1xx_hal_msp.o
 .debug_aranges
                0x000001a8       0x68 ./Core/Src/stm32f1xx_it.o
 .debug_aranges
                0x00000210       0x28 ./Core/Src/system_stm32f1xx.o
 .debug_aranges
                0x00000238       0x58 ./Core/Src/traffic_light.o
 .debug_aranges
                0x00000290       0x28 ./Core/Startup/startup_stm32f103c6ux.o
 .debug_aranges
                0x000002b8       0xe0 ./Drivers/STM32F1xx_HAL_Driver/Src/stm32f1xx_hal.o
 .debug_aranges
                0x00000398      0x100 ./Drivers/STM32F1xx_HAL_Driver/Src/stm32f1xx_hal_cortex.o
 .debug_aranges
                0x00000498       0x58 ./Drivers/STM32F1xx_HAL_Driver/Src/stm32f1xx_hal_gpio.o
 .debug_aranges
                0x000004f0       0x90 ./Drivers/STM32F1xx_HAL_Driver/Src/stm32f1xx_hal_rcc.o
 .debug_aranges
                0x00000580      0x3d0 ./Drivers/STM32F1xx_HAL_Driver/Src/stm32f1xx_hal_tim.o
 .debug_aranges
                0x00000950      0x168 ./Drivers/STM32F1xx_HAL_Driver/Src/stm32f1xx_hal_tim_ex.o

.debug_rnglists
                0x00000000      0x812
 .debug_rnglists
                0x00000000       0x38 ./Core/Src/button.o
 .debug_rnglists
                0x00000038       0x14 ./Core/Src/fsm_automatic.o
 .debug_rnglists
                0x0000004c       0x14 ./Core/Src/fsm_manual.o
 .debug_rnglists
                0x00000060       0x14 ./Core/Src/fsm_setting.o
 .debug_rnglists
                0x00000074       0x2d ./Core/Src/led7_segment.o
 .debug_rnglists
                0x000000a1       0x33 ./Core/Src/main.o
 .debug_rnglists
                0x000000d4       0x19 ./Core/Src/software_timer.o
 .debug_rnglists
                0x000000ed       0x1f ./Core/Src/stm32f1xx_hal_msp.o
 .debug_rnglists
                0x0000010c       0x49 ./Core/Src/stm32f1xx_it.o
 .debug_rnglists
                0x00000155       0x1a ./Core/Src/system_stm32f1xx.o
 .debug_rnglists
                0x0000016f       0x42 ./Core/Src/traffic_light.o
 .debug_rnglists
                0x000001b1       0x19 ./Core/Startup/startup_stm32f103c6ux.o
 .debug_rnglists
                0x000001ca       0xa3 ./Drivers/STM32F1xx_HAL_Driver/Src/stm32f1xx_hal.o
 .debug_rnglists
                0x0000026d       0xbb ./Drivers/STM32F1xx_HAL_Driver/Src/stm32f1xx_hal_cortex.o
 .debug_rnglists
                0x00000328       0x3f ./Drivers/STM32F1xx_HAL_Driver/Src/stm32f1xx_hal_gpio.o
 .debug_rnglists
                0x00000367       0x6c ./Drivers/STM32F1xx_HAL_Driver/Src/stm32f1xx_hal_rcc.o
 .debug_rnglists
                0x000003d3      0x31a ./Drivers/STM32F1xx_HAL_Driver/Src/stm32f1xx_hal_tim.o
 .debug_rnglists
                0x000006ed      0x125 ./Drivers/STM32F1xx_HAL_Driver/Src/stm32f1xx_hal_tim_ex.o

.debug_macro    0x00000000    0x171df
 .debug_macro   0x00000000      0x1b5 ./Core/Src/button.o
 .debug_macro   0x000001b5      0xaa8 ./Core/Src/button.o
 .debug_macro   0x00000c5d      0x215 ./Core/Src/button.o
 .debug_macro   0x00000e72       0x2e ./Core/Src/button.o
 .debug_macro   0x00000ea0       0x22 ./Core/Src/button.o
 .debug_macro   0x00000ec2       0x22 ./Core/Src/button.o
 .debug_macro   0x00000ee4       0x8e ./Core/Src/button.o
 .debug_macro   0x00000f72       0x51 ./Core/Src/button.o
 .debug_macro   0x00000fc3      0x103 ./Core/Src/button.o
 .debug_macro   0x000010c6       0x6a ./Core/Src/button.o
 .debug_macro   0x00001130      0x1df ./Core/Src/button.o
 .debug_macro   0x0000130f       0x1c ./Core/Src/button.o
 .debug_macro   0x0000132b       0x22 ./Core/Src/button.o
 .debug_macro   0x0000134d       0xbd ./Core/Src/button.o
 .debug_macro   0x0000140a      0xd23 ./Core/Src/button.o
 .debug_macro   0x0000212d     0xde75 ./Core/Src/button.o
 .debug_macro   0x0000ffa2       0x6d ./Core/Src/button.o
 .debug_macro   0x0001000f     0x34a2 ./Core/Src/button.o
 .debug_macro   0x000134b1      0x189 ./Core/Src/button.o
 .debug_macro   0x0001363a       0x5c ./Core/Src/button.o
 .debug_macro   0x00013696      0x5bc ./Core/Src/button.o
 .debug_macro   0x00013c52      0x1b7 ./Core/Src/button.o
 .debug_macro   0x00013e09      0x1cb ./Core/Src/button.o
 .debug_macro   0x00013fd4      0x114 ./Core/Src/button.o
 .debug_macro   0x000140e8      0x1b2 ./Core/Src/button.o
 .debug_macro   0x0001429a       0x27 ./Core/Src/button.o
 .debug_macro   0x000142c1      0x12f ./Core/Src/button.o
 .debug_macro   0x000143f0      0x1bc ./Core/Src/button.o
 .debug_macro   0x000145ac       0x34 ./Core/Src/button.o
 .debug_macro   0x000145e0       0x3c ./Core/Src/button.o
 .debug_macro   0x0001461c       0x57 ./Core/Src/button.o
 .debug_macro   0x00014673       0x87 ./Core/Src/button.o
 .debug_macro   0x000146fa      0x183 ./Core/Src/button.o
 .debug_macro   0x0001487d      0x140 ./Core/Src/button.o
 .debug_macro   0x000149bd      0x8ed ./Core/Src/button.o
 .debug_macro   0x000152aa       0x69 ./Core/Src/button.o
 .debug_macro   0x00015313      0x19c ./Core/Src/button.o
 .debug_macro   0x000154af       0x10 ./Core/Src/button.o
 .debug_macro   0x000154bf      0x1f8 ./Core/Src/fsm_automatic.o
 .debug_macro   0x000156b7       0x6a ./Core/Src/fsm_automatic.o
 .debug_macro   0x00015721       0x16 ./Core/Src/fsm_automatic.o
 .debug_macro   0x00015737      0x1f2 ./Core/Src/fsm_manual.o
 .debug_macro   0x00015929      0x1f2 ./Core/Src/fsm_setting.o
 .debug_macro   0x00015b1b      0x1ee ./Core/Src/global.o
 .debug_macro   0x00015d09      0x1f2 ./Core/Src/led7_segment.o
 .debug_macro   0x00015efb      0x200 ./Core/Src/main.o
 .debug_macro   0x000160fb       0x1b ./Core/Src/software_timer.o
 .debug_macro   0x00016116      0x1a6 ./Core/Src/stm32f1xx_hal_msp.o
 .debug_macro   0x000162bc      0x1b0 ./Core/Src/stm32f1xx_it.o
 .debug_macro   0x0001646c      0x197 ./Core/Src/system_stm32f1xx.o
 .debug_macro   0x00016603      0x1b0 ./Core/Src/traffic_light.o
 .debug_macro   0x000167b3      0x1bb ./Drivers/STM32F1xx_HAL_Driver/Src/stm32f1xx_hal.o
 .debug_macro   0x0001696e      0x197 ./Drivers/STM32F1xx_HAL_Driver/Src/stm32f1xx_hal_cortex.o
 .debug_macro   0x00016b05      0x202 ./Drivers/STM32F1xx_HAL_Driver/Src/stm32f1xx_hal_gpio.o
 .debug_macro   0x00016d07      0x1a9 ./Drivers/STM32F1xx_HAL_Driver/Src/stm32f1xx_hal_rcc.o
 .debug_macro   0x00016eb0      0x198 ./Drivers/STM32F1xx_HAL_Driver/Src/stm32f1xx_hal_tim.o
 .debug_macro   0x00017048      0x197 ./Drivers/STM32F1xx_HAL_Driver/Src/stm32f1xx_hal_tim_ex.o

.debug_line     0x00000000     0xd477
 .debug_line    0x00000000      0x83e ./Core/Src/button.o
 .debug_line    0x0000083e      0xad7 ./Core/Src/fsm_automatic.o
 .debug_line    0x00001315      0x7ae ./Core/Src/fsm_manual.o
 .debug_line    0x00001ac3      0x96a ./Core/Src/fsm_setting.o
 .debug_line    0x0000242d      0x71f ./Core/Src/global.o
 .debug_line    0x00002b4c      0x84c ./Core/Src/led7_segment.o
 .debug_line    0x00003398      0x88c ./Core/Src/main.o
 .debug_line    0x00003c24       0xb5 ./Core/Src/software_timer.o
 .debug_line    0x00003cd9      0x70d ./Core/Src/stm32f1xx_hal_msp.o
 .debug_line    0x000043e6      0x7ab ./Core/Src/stm32f1xx_it.o
 .debug_line    0x00004b91      0x74f ./Core/Src/system_stm32f1xx.o
 .debug_line    0x000052e0      0x7c3 ./Core/Src/traffic_light.o
 .debug_line    0x00005aa3       0x78 ./Core/Startup/startup_stm32f103c6ux.o
 .debug_line    0x00005b1b      0x97c ./Drivers/STM32F1xx_HAL_Driver/Src/stm32f1xx_hal.o
 .debug_line    0x00006497      0xb68 ./Drivers/STM32F1xx_HAL_Driver/Src/stm32f1xx_hal_cortex.o
 .debug_line    0x00006fff      0xa00 ./Drivers/STM32F1xx_HAL_Driver/Src/stm32f1xx_hal_gpio.o
 .debug_line    0x000079ff      0xd85 ./Drivers/STM32F1xx_HAL_Driver/Src/stm32f1xx_hal_rcc.o
 .debug_line    0x00008784     0x3458 ./Drivers/STM32F1xx_HAL_Driver/Src/stm32f1xx_hal_tim.o
 .debug_line    0x0000bbdc     0x189b ./Drivers/STM32F1xx_HAL_Driver/Src/stm32f1xx_hal_tim_ex.o

.debug_str      0x00000000    0x828dc
 .debug_str     0x00000000    0x7fb06 ./Core/Src/button.o
                              0x7fe33 (size before relaxing)
 .debug_str     0x0007fb06      0x23d ./Core/Src/fsm_automatic.o
                              0x7ff52 (size before relaxing)
 .debug_str     0x0007fd43       0x66 ./Core/Src/fsm_manual.o
                              0x7ff0c (size before relaxing)
 .debug_str     0x0007fda9       0x83 ./Core/Src/fsm_setting.o
                              0x7ff44 (size before relaxing)
 .debug_str     0x0007fe2c       0x15 ./Core/Src/global.o
                              0x7fe61 (size before relaxing)
 .debug_str     0x0007fe41       0x5d ./Core/Src/led7_segment.o
                              0x7ff17 (size before relaxing)
 .debug_str     0x0007fe9e      0x7a0 ./Core/Src/main.o
                              0x8073a (size before relaxing)
 .debug_str     0x0008063e       0x31 ./Core/Src/software_timer.o
                               0x2e0e (size before relaxing)
 .debug_str     0x0008066f      0x300 ./Core/Src/stm32f1xx_hal_msp.o
                              0x8050b (size before relaxing)
 .debug_str     0x0008096f       0xec ./Core/Src/stm32f1xx_it.o
                              0x80246 (size before relaxing)
 .debug_str     0x00080a5b       0x7e ./Core/Src/system_stm32f1xx.o
                              0x7f737 (size before relaxing)
 .debug_str     0x00080ad9       0x2f ./Core/Src/traffic_light.o
                              0x7fdbc (size before relaxing)
 .debug_str     0x00080b08       0x44 ./Core/Startup/startup_stm32f103c6ux.o
                                 0x73 (size before relaxing)
 .debug_str     0x00080b4c      0x38e ./Drivers/STM32F1xx_HAL_Driver/Src/stm32f1xx_hal.o
                              0x7fe30 (size before relaxing)
 .debug_str     0x00080eda      0x294 ./Drivers/STM32F1xx_HAL_Driver/Src/stm32f1xx_hal_cortex.o
                              0x7fd7c (size before relaxing)
 .debug_str     0x0008116e      0x2d2 ./Drivers/STM32F1xx_HAL_Driver/Src/stm32f1xx_hal_gpio.o
                              0x7fabd (size before relaxing)
 .debug_str     0x00081440      0x229 ./Drivers/STM32F1xx_HAL_Driver/Src/stm32f1xx_hal_rcc.o
                              0x7fb66 (size before relaxing)
 .debug_str     0x00081669      0xde0 ./Drivers/STM32F1xx_HAL_Driver/Src/stm32f1xx_hal_tim.o
                              0x80b68 (size before relaxing)
 .debug_str     0x00082449      0x493 ./Drivers/STM32F1xx_HAL_Driver/Src/stm32f1xx_hal_tim_ex.o
                              0x80374 (size before relaxing)

.comment        0x00000000       0x43
 .comment       0x00000000       0x43 ./Core/Src/button.o
                                 0x44 (size before relaxing)
 .comment       0x00000043       0x44 ./Core/Src/fsm_automatic.o
 .comment       0x00000043       0x44 ./Core/Src/fsm_manual.o
 .comment       0x00000043       0x44 ./Core/Src/fsm_setting.o
 .comment       0x00000043       0x44 ./Core/Src/global.o
 .comment       0x00000043       0x44 ./Core/Src/led7_segment.o
 .comment       0x00000043       0x44 ./Core/Src/main.o
 .comment       0x00000043       0x44 ./Core/Src/software_timer.o
 .comment       0x00000043       0x44 ./Core/Src/stm32f1xx_hal_msp.o
 .comment       0x00000043       0x44 ./Core/Src/stm32f1xx_it.o
 .comment       0x00000043       0x44 ./Core/Src/system_stm32f1xx.o
 .comment       0x00000043       0x44 ./Core/Src/traffic_light.o
 .comment       0x00000043       0x44 ./Drivers/STM32F1xx_HAL_Driver/Src/stm32f1xx_hal.o
 .comment       0x00000043       0x44 ./Drivers/STM32F1xx_HAL_Driver/Src/stm32f1xx_hal_cortex.o
 .comment       0x00000043       0x44 ./Drivers/STM32F1xx_HAL_Driver/Src/stm32f1xx_hal_gpio.o
 .comment       0x00000043       0x44 ./Drivers/STM32F1xx_HAL_Driver/Src/stm32f1xx_hal_rcc.o
 .comment       0x00000043       0x44 ./Drivers/STM32F1xx_HAL_Driver/Src/stm32f1xx_hal_tim.o
 .comment       0x00000043       0x44 ./Drivers/STM32F1xx_HAL_Driver/Src/stm32f1xx_hal_tim_ex.o

.debug_frame    0x00000000     0x2944
 .debug_frame   0x00000000       0xf4 ./Core/Src/button.o
 .debug_frame   0x000000f4       0x2c ./Core/Src/fsm_automatic.o
 .debug_frame   0x00000120       0x2c ./Core/Src/fsm_manual.o
 .debug_frame   0x0000014c       0x2c ./Core/Src/fsm_setting.o
 .debug_frame   0x00000178       0xb8 ./Core/Src/led7_segment.o
 .debug_frame   0x00000230       0xd4 ./Core/Src/main.o
 .debug_frame   0x00000304       0x60 ./Core/Src/software_timer.o
 .debug_frame   0x00000364       0x80 ./Core/Src/stm32f1xx_hal_msp.o
 .debug_frame   0x000003e4      0x120 ./Core/Src/stm32f1xx_it.o
 .debug_frame   0x00000504       0x58 ./Core/Src/system_stm32f1xx.o
 .debug_frame   0x0000055c       0xf0 ./Core/Src/traffic_light.o
 .debug_frame   0x0000064c      0x334 ./Drivers/STM32F1xx_HAL_Driver/Src/stm32f1xx_hal.o
 .debug_frame   0x00000980      0x428 ./Drivers/STM32F1xx_HAL_Driver/Src/stm32f1xx_hal_cortex.o
 .debug_frame   0x00000da8      0x14c ./Drivers/STM32F1xx_HAL_Driver/Src/stm32f1xx_hal_gpio.o
 .debug_frame   0x00000ef4      0x218 ./Drivers/STM32F1xx_HAL_Driver/Src/stm32f1xx_hal_rcc.o
 .debug_frame   0x0000110c     0x11b4 ./Drivers/STM32F1xx_HAL_Driver/Src/stm32f1xx_hal_tim.o
 .debug_frame   0x000022c0      0x638 ./Drivers/STM32F1xx_HAL_Driver/Src/stm32f1xx_hal_tim_ex.o
 .debug_frame   0x000028f8       0x20 E:/chuyennganh/vixuly/STM32Cube-IDE/STM32CubeIDE_1.7.0/STM32CubeIDE/plugins/com.st.stm32cube.ide.mcu.externaltools.gnu-tools-for-stm32.12.3.rel1.win32_1.0.200.202406191623/tools/bin/../lib/gcc/arm-none-eabi/12.3.1/../../../../arm-none-eabi/lib/thumb/v7-m/nofp\libc_nano.a(libc_a-memset.o)
 .debug_frame   0x00002918       0x2c E:/chuyennganh/vixuly/STM32Cube-IDE/STM32CubeIDE_1.7.0/STM32CubeIDE/plugins/com.st.stm32cube.ide.mcu.externaltools.gnu-tools-for-stm32.12.3.rel1.win32_1.0.200.202406191623/tools/bin/../lib/gcc/arm-none-eabi/12.3.1/../../../../arm-none-eabi/lib/thumb/v7-m/nofp\libc_nano.a(libc_a-init.o)

.debug_line_str
                0x00000000       0x57
 .debug_line_str
                0x00000000       0x57 ./Core/Startup/startup_stm32f103c6ux.o
